// Jest Snapshot v1, https://goo.gl/fbAQLP

exports[`AccountPage displays loading while account is null 1`] = `
<div>
  <div>
    Loading...
  </div>
</div>
`;

exports[`AccountPage renders as expected with account 1`] = `
<div>
  <div
    class="grid grid-cols-12 items-center pb-4"
  >
    <span
      class="col-span-10 text-xl font-medium"
    >
      account:name
       
      account
    </span>
    <div
      class="col-span-2 col-end-13 justify-self-end"
    >
      <div
        class="fixed hidden inset-0 bg-white bg-opacity-30 overflow-y-auto h-full w-full z-50"
        id="my-modal"
      >
        <div
          class="relative top-20 mx-auto p-5 w-1/3 shadow-lg rounded-md bg-gunmetal-700"
        >
          <button
            class="float-right"
            type="button"
          >
            X
          </button>
          <div
            class="w-full pb-4 border-b border-gunmetal-600"
          >
            <span
              class="text-lg"
            >
              account:name transaction
            </span>
          </div>
          <form>
            <fieldset
              class="text-sm my-5"
            >
              <label
                class="inline-block mb-2"
                for="dateInput"
              >
                Date
              </label>
              <input
                class="block w-full m-0"
                id="dateInput"
                name="date"
                type="date"
              />
              <p
                class="invalid-feedback"
              />
            </fieldset>
            <fieldset
              class="text-sm my-5"
            >
              <label
                class="inline-block mb-2"
                for="descriptionInput"
              >
                Description
              </label>
              <input
                class="block w-full m-0"
                id="descriptionInput"
                name="description"
                placeholder="Enter description"
                type="text"
              />
              <p
                class="invalid-feedback"
              />
            </fieldset>
            <fieldset
              class="text-sm my-5"
            >
              <label
                class="inline-block mb-2"
              >
                Entries
              </label>
              <fieldset
                class="grid grid-cols-12"
              >
                <div
                  class="col-span-8"
                >
                  <div
                    class=" css-b62m3t-container"
                    id="splits.0.toAccount"
                  >
                    <span
                      class="css-1f43avz-a11yText-A11yText"
                      id="react-select-2-live-region"
                    />
                    <span
                      aria-atomic="false"
                      aria-live="polite"
                      aria-relevant="additions text"
                      class="css-1f43avz-a11yText-A11yText"
                    />
                    <div
                      class="!h-9 !min-h-fit text-sm pl-10 !bg-gunmetal-800 !border-none css-13cymwt-control"
                    >
                      <svg
                        class="absolute text-md left-[10px]"
                        fill="currentColor"
                        height="1em"
                        stroke="currentColor"
                        stroke-width="0"
                        viewBox="0 0 24 24"
                        width="1em"
                        xmlns="http://www.w3.org/2000/svg"
                      >
                        <path
                          d="M10 18a7.952 7.952 0 0 0 4.897-1.688l4.396 4.396 1.414-1.414-4.396-4.396A7.952 7.952 0 0 0 18 10c0-4.411-3.589-8-8-8s-8 3.589-8 8 3.589 8 8 8zm0-14c3.309 0 6 2.691 6 6s-2.691 6-6 6-6-2.691-6-6 2.691-6 6-6z"
                        />
                      </svg>
                      <div
                        class=" css-1fdsijx-ValueContainer"
                      >
                        <div
                          class=" css-1jqq78o-placeholder"
                          id="react-select-2-placeholder"
                        >
                          &lt;account&gt;
                        </div>
                        <div
                          class="!text-inherit css-qbdosj-Input"
                          data-value=""
                        >
                          <input
                            aria-autocomplete="list"
                            aria-describedby="react-select-2-placeholder"
                            aria-expanded="false"
                            aria-haspopup="true"
                            aria-label="splits.0.toAccount"
                            autocapitalize="none"
                            autocomplete="off"
                            autocorrect="off"
                            class=""
                            id="react-select-2-input"
                            role="combobox"
                            spellcheck="false"
                            style="opacity: 1; width: 100%; grid-area: 1 / 2; min-width: 2px; border: 0px; margin: 0px; outline: 0; padding: 0px;"
                            tabindex="0"
                            type="text"
                            value=""
                          />
                        </div>
                      </div>
                      <div
                        class=" css-1hb7zxy-IndicatorsContainer"
                      >
                        <span
                          class="hidden css-1u9des2-indicatorSeparator"
                        />
                        <div
                          aria-hidden="true"
                          class=" css-1xc3v61-indicatorContainer"
                        >
                          <svg
                            aria-hidden="true"
                            class="css-tj5bde-Svg"
                            focusable="false"
                            height="20"
                            viewBox="0 0 20 20"
                            width="20"
                          >
                            <path
                              d="M4.516 7.548c0.436-0.446 1.043-0.481 1.576 0l3.908 3.747 3.908-3.747c0.533-0.481 1.141-0.446 1.574 0 0.436 0.445 0.408 1.197 0 1.615-0.406 0.418-4.695 4.502-4.695 4.502-0.217 0.223-0.502 0.335-0.787 0.335s-0.57-0.112-0.789-0.335c0 0-4.287-4.084-4.695-4.502s-0.436-1.17 0-1.615z"
                            />
                          </svg>
                        </div>
                      </div>
                    </div>
                    <input
                      name="splits.0.toAccount"
                      type="hidden"
                      value=""
                    />
                  </div>
                  <p
                    class="invalid-feedback"
                  />
                </div>
                <div
                  class="col-span-2"
                >
                  <input
                    class="w-full text-right bg-gunmetal-800 border-none rounded-sm m-0"
                    name="splits.0.amount"
                    placeholder="0.0"
                    step="0.001"
                    type="number"
                  />
                  <p
                    class="invalid-feedback"
                  />
                </div>
                <div
                  class="col-span-1"
                >
                  <input
                    class="w-full text-center bg-gunmetal-700 border-none rounded-sm m-0"
                    disabled=""
                    value="€"
                  />
                </div>
                <div
                  class="col-span-1"
                >
                  <button
                    class="btn-primary rounded-sm"
                    type="button"
                  >
                    X
                  </button>
                </div>
              </fieldset>
              <button
                class="link m-3"
                type="button"
              >
                Add split
              </button>
            </fieldset>
            <div
              class="flex w-full gap-2 items-center justify-center"
            >
              <span
                class="block py-2 px-4 rounded-lg bg-gunmetal-800 text-sm"
              >
                0.00 €
              </span>
              <button
                class="btn-primary"
                type="submit"
              >
                Save
              </button>
            </div>
          </form>
        </div>
      </div>
      <div>
        <button
          class="btn-primary"
          type="button"
        >
          <svg
            class="mr-1"
            fill="currentColor"
            height="1em"
            stroke="currentColor"
            stroke-width="0"
            viewBox="0 0 24 24"
            width="1em"
            xmlns="http://www.w3.org/2000/svg"
          >
            <path
              d="M13 7h-2v4H7v2h4v4h2v-4h4v-2h-4z"
            />
            <path
              d="M12 2C6.486 2 2 6.486 2 12s4.486 10 10 10 10-4.486 10-10S17.514 2 12 2zm0 18c-4.411 0-8-3.589-8-8s3.589-8 8-8 8 3.589 8 8-3.589 8-8 8z"
            />
          </svg>
          Add Transaction
        </button>
      </div>
    </div>
  </div>
  <div
    class="TransactionsTable"
  >
    <span>
      {"accountId":"accountGuid","accounts":[{"guid":"guid","path":"path","type":"TYPE"}]}
    </span>
  </div>
</div>
`;
